// Jest Snapshot v1, https://goo.gl/fbAQLP

exports[`Should render Home page/component snapshot should work 1`] = `
<Home>
  <styled.div>
    <div
      className="sc-bdVaJa qNUtU"
    >
      <styled.p>
        <p
          className="sc-bwzfXH dlIQYB"
        >
          üóì This week: 
          <DayOfWeek
            dayIndex={5}
          >
            
      Friday
      11
      May
      2018
    
          </DayOfWeek>
        </p>
      </styled.p>
      <styled.div>
        <div
          className="sc-ifAKCX cTeqPF"
        >
          <div>
            <styled.div>
              <div
                className="sc-bZQynM iTFdCi"
              />
            </styled.div>
            <p>
              It is your turn to pick this week.
            </p>
          </div>
          <styled.div
            role="presentation"
          >
            <div
              className="sc-EHOje hytPIO"
              role="presentation"
            >
              üçî
            </div>
          </styled.div>
        </div>
      </styled.div>
    </div>
  </styled.div>
</Home>
`;
