// Jest Snapshot v1, https://goo.gl/fbAQLP

exports[`PrivateRoute component Render snapshot 1`] = `
<Route
  render={[Function]}
/>
`;
